../Drivers/ST7796/st7796.c:4:13:LCD_Reset	8	static
../Drivers/ST7796/st7796.c:93:6:LCD_WriteCmd	16	static
../Drivers/ST7796/st7796.c:102:6:LCD_WriteData	16	static
../Drivers/ST7796/st7796.c:111:6:LCD_SetWindow	24	static
../Drivers/ST7796/st7796.c:129:6:LCD_Fill	32	static
../Drivers/ST7796/st7796.c:143:6:LCD_FillScreen	24	static
../Drivers/ST7796/st7796.c:148:6:LCD_DrawPoint	24	static
../Drivers/ST7796/st7796.c:164:6:LCD_DrawLine	40	static
../Drivers/ST7796/st7796.c:198:6:LCD_DrawRectangle	32	static
../Drivers/ST7796/st7796.c:216:6:LCD_DrawCircle	40	static
../Drivers/ST7796/st7796.c:262:6:LCD_DrawChar	40	static
../Drivers/ST7796/st7796.c:312:6:LCD_DrawString	48	static
../Drivers/ST7796/st7796.c:340:6:LCD_DrawCharHex	32	static
../Drivers/ST7796/st7796.c:347:6:LCD_Init	8	static
