../Core/Src/main.c:124:5:main	8	static
../Core/Src/main.c:183:6:SystemClock_Config	120	static
../Core/Src/main.c:243:6:PeriphCommonClock_Config	200	static
../Core/Src/main.c:262:13:MX_FDCAN1_Init	40	static
../Core/Src/main.c:326:13:MX_SPI1_Init	8	static
../Core/Src/main.c:374:13:MX_GPIO_Init	48	static
../Core/Src/main.c:431:6:can1_transmit	64	static
../Core/Src/main.c:464:6:HAL_FDCAN_RxFifo0Callback	56	static
../Core/Src/main.c:479:6:Read_Can	24	static
../Core/Src/main.c:544:6:CAN_Unit_Duplicate	24	static
../Core/Src/main.c:555:6:Readkeys	24	static
../Core/Src/main.c:575:6:MPU_Config	24	static
../Core/Src/main.c:606:6:Error_Handler	4	static,ignoring_inline_asm
